Component: ARM Compiler 5.05 update 1 (build 106) Tool: armlink [4d0efa]

==============================================================================

Section Cross References

    main.o(.text) refers to _printf_percent.o(.ARM.Collect$$_printf_percent$$00000000) for _printf_percent
    main.o(.text) refers to _printf_d.o(.ARM.Collect$$_printf_percent$$00000009) for _printf_d
    main.o(.text) refers to _printf_dec.o(.text) for _printf_int_dec
    main.o(.text) refers to _printf_pad.o(.text) for _printf_pre_padding
    main.o(.text) refers to __2sprintf.o(.text) for __2sprintf
    main.o(.text) refers to __2printf.o(.text) for __2printf
    main.o(.text) refers to os_task.o(.text) for OSTaskSuspend
    main.o(.text) refers to os_time.o(.text) for OSTimeDlyHMSM
    main.o(.text) refers to spi.o(.text) for SPI2_ReadWriteByte
    main.o(.text) refers to os_cpu_a.o(.text) for OS_CPU_SR_Save
    main.o(.text) refers to rt_memclr.o(.text) for __aeabi_memclr
    main.o(.text) refers to decode.o(.text) for TIMXX_Decode
    main.o(.text) refers to os_core.o(.text) for OSStatInit
    main.o(.text) refers to delay.o(.text) for delay_init
    main.o(.text) refers to misc.o(.text) for NVIC_PriorityGroupConfig
    main.o(.text) refers to usart.o(.text) for uart_init
    main.o(.text) refers to led.o(.text) for LED_Init
    main.o(.text) refers to sram.o(.text) for FSMC_SRAM_Init
    main.o(.text) refers to malloc.o(.text) for mymem_init
    main.o(.text) refers to lwip_comm.o(.text) for lwip_comm_init
    main.o(.text) refers to tcp_server_demo.o(.text) for tcp_server_init
    main.o(.text) refers to lwip_comm.o(.bss) for lwipdev
    main.o(.text) refers to decode.o(.data) for rqst_buf
    main.o(.text) refers to main.o(.data) for spi_recvbuf
    main.o(.text) refers to tcp_server_demo.o(.data) for tcp_server_flag
    main.o(.text) refers to tcp_server_demo.o(.bss) for tcp_server_sendbuf
    main.o(.text) refers to main.o(.bss) for LED_TASK_STK
    main.o(.text) refers to usmart_config.o(.data) for usmart_dev
    system_stm32f4xx.o(.text) refers to system_stm32f4xx.o(.data) for SystemCoreClock
    decode.o(.text) refers to _printf_percent.o(.ARM.Collect$$_printf_percent$$00000000) for _printf_percent
    decode.o(.text) refers to _printf_d.o(.ARM.Collect$$_printf_percent$$00000009) for _printf_d
    decode.o(.text) refers to _printf_dec.o(.text) for _printf_int_dec
    decode.o(.text) refers to _printf_c.o(.ARM.Collect$$_printf_percent$$00000013) for _printf_c
    decode.o(.text) refers to _printf_str.o(.text) for _printf_str
    decode.o(.text) refers to _printf_f.o(.ARM.Collect$$_printf_percent$$00000003) for _printf_f
    decode.o(.text) refers to printf1.o(x$fpl$printf1) for _printf_fp_dec
    decode.o(.text) refers to __2sprintf.o(.text) for __2sprintf
    decode.o(.text) refers to f2d.o(x$fpl$f2d) for __aeabi_f2d
    decode.o(.text) refers to strlen.o(.text) for strlen
    led.o(.text) refers to stm32f4xx_rcc.o(.text) for RCC_AHB1PeriphClockCmd
    led.o(.text) refers to stm32f4xx_gpio.o(.text) for GPIO_Init
    timer.o(.text) refers to stm32f4xx_rcc.o(.text) for RCC_APB1PeriphClockCmd
    timer.o(.text) refers to stm32f4xx_tim.o(.text) for TIM_TimeBaseInit
    timer.o(.text) refers to misc.o(.text) for NVIC_Init
    lan8720.o(.text) refers to stm32f4xx_rcc.o(.text) for RCC_AHB1PeriphClockCmd
    lan8720.o(.text) refers to stm32f4x7_eth.o(.text) for ETH_DeInit
    lan8720.o(.text) refers to misc.o(.text) for NVIC_Init
    lan8720.o(.text) refers to stm32f4xx_syscfg.o(.text) for SYSCFG_ETH_MediaInterfaceConfig
    lan8720.o(.text) refers to stm32f4xx_gpio.o(.text) for GPIO_Init
    lan8720.o(.text) refers to delay.o(.text) for delay_ms
    lan8720.o(.text) refers to lwip_comm.o(.text) for lwip_pkt_handle
    lan8720.o(.text) refers to malloc.o(.text) for myfree
    lan8720.o(.text) refers to stm32f4x7_eth.o(.data) for DMARxDescToGet
    lan8720.o(.text) refers to lan8720.o(.data) for DMARxDscrTab
    sram.o(.text) refers to stm32f4xx_rcc.o(.text) for RCC_AHB1PeriphClockCmd
    sram.o(.text) refers to stm32f4xx_gpio.o(.text) for GPIO_Init
    sram.o(.text) refers to stm32f4xx_fsmc.o(.text) for FSMC_NORSRAMInit
    spi.o(.text) refers to stm32f4xx_spi.o(.text) for SPI_I2S_GetFlagStatus
    spi.o(.text) refers to stm32f4xx_rcc.o(.text) for RCC_AHB1PeriphClockCmd
    spi.o(.text) refers to stm32f4xx_gpio.o(.text) for GPIO_Init
    startup_stm32f40_41xxx.o(STACK) refers (Special) to heapauxi.o(.text) for __use_two_region_memory
    startup_stm32f40_41xxx.o(HEAP) refers (Special) to heapauxi.o(.text) for __use_two_region_memory
    startup_stm32f40_41xxx.o(RESET) refers (Special) to heapauxi.o(.text) for __use_two_region_memory
    startup_stm32f40_41xxx.o(RESET) refers to startup_stm32f40_41xxx.o(STACK) for __initial_sp
    startup_stm32f40_41xxx.o(RESET) refers to startup_stm32f40_41xxx.o(.text) for Reset_Handler
    startup_stm32f40_41xxx.o(RESET) refers to stm32f4xx_it.o(.text) for NMI_Handler
[...]
    FSMC_NORSRAMDeInit                       0x08003ee9   Thumb Code    54  stm32f4xx_fsmc.o(.text)
    FSMC_NORSRAMInit                         0x08003f1f   Thumb Code   230  stm32f4xx_fsmc.o(.text)
    FSMC_NORSRAMStructInit                   0x08004005   Thumb Code    48  stm32f4xx_fsmc.o(.text)
    FSMC_NORSRAMCmd                          0x08004035   Thumb Code    46  stm32f4xx_fsmc.o(.text)
    FSMC_NANDDeInit                          0x08004063   Thumb Code    62  stm32f4xx_fsmc.o(.text)
    FSMC_NANDInit                            0x080040a1   Thumb Code   132  stm32f4xx_fsmc.o(.text)
    FSMC_NANDStructInit                      0x08004125   Thumb Code    54  stm32f4xx_fsmc.o(.text)
    FSMC_NANDCmd                             0x0800415b   Thumb Code    86  stm32f4xx_fsmc.o(.text)
    FSMC_NANDECCCmd                          0x080041b1   Thumb Code    86  stm32f4xx_fsmc.o(.text)
    FSMC_GetECC                              0x08004207   Thumb Code    24  stm32f4xx_fsmc.o(.text)
    FSMC_PCCARDDeInit                        0x0800421f   Thumb Code    36  stm32f4xx_fsmc.o(.text)
    FSMC_PCCARDInit                          0x08004243   Thumb Code   130  stm32f4xx_fsmc.o(.text)
    FSMC_PCCARDStructInit                    0x080042c5   Thumb Code    60  stm32f4xx_fsmc.o(.text)
    FSMC_PCCARDCmd                           0x08004301   Thumb Code    44  stm32f4xx_fsmc.o(.text)
    FSMC_ITConfig                            0x0800432d   Thumb Code   128  stm32f4xx_fsmc.o(.text)
    FSMC_GetFlagStatus                       0x080043ad   Thumb Code    54  stm32f4xx_fsmc.o(.text)
    FSMC_ClearFlag                           0x080043e3   Thumb Code    74  stm32f4xx_fsmc.o(.text)
    FSMC_GetITStatus                         0x0800442d   Thumb Code    62  stm32f4xx_fsmc.o(.text)
    FSMC_ClearITPendingBit                   0x0800446b   Thumb Code    66  stm32f4xx_fsmc.o(.text)
    SPI_I2S_DeInit                           0x080044b1   Thumb Code   152  stm32f4xx_spi.o(.text)
    SPI_Init                                 0x08004549   Thumb Code    60  stm32f4xx_spi.o(.text)
    I2S_Init                                 0x08004585   Thumb Code   396  stm32f4xx_spi.o(.text)
    SPI_StructInit                           0x08004711   Thumb Code    24  stm32f4xx_spi.o(.text)
    I2S_StructInit                           0x08004729   Thumb Code    20  stm32f4xx_spi.o(.text)
    SPI_Cmd                                  0x0800473d   Thumb Code    24  stm32f4xx_spi.o(.text)
    I2S_Cmd                                  0x08004755   Thumb Code    24  stm32f4xx_spi.o(.text)
    SPI_DataSizeConfig                       0x0800476d   Thumb Code    18  stm32f4xx_spi.o(.text)
    SPI_BiDirectionalLineConfig              0x0800477f   Thumb Code    28  stm32f4xx_spi.o(.text)
    SPI_NSSInternalSoftwareConfig            0x0800479b   Thumb Code    30  stm32f4xx_spi.o(.text)
    SPI_SSOutputCmd                          0x080047b9   Thumb Code    24  stm32f4xx_spi.o(.text)
    SPI_TIModeCmd                            0x080047d1   Thumb Code    24  stm32f4xx_spi.o(.text)
    I2S_FullDuplexConfig                     0x080047e9   Thumb Code    80  stm32f4xx_spi.o(.text)
    SPI_I2S_ReceiveData                      0x08004839   Thumb Code     6  stm32f4xx_spi.o(.text)
    SPI_I2S_SendData                         0x0800483f   Thumb Code     4  stm32f4xx_spi.o(.text)
    SPI_CalculateCRC                         0x08004843   Thumb Code    24  stm32f4xx_spi.o(.text)
    SPI_TransmitCRC                          0x0800485b   Thumb Code    10  stm32f4xx_spi.o(.text)
    SPI_GetCRC                               0x08004865   Thumb Code    16  stm32f4xx_spi.o(.text)
    SPI_GetCRCPolynomial                     0x08004875   Thumb Code     6  stm32f4xx_spi.o(.text)
    SPI_I2S_DMACmd                           0x0800487b   Thumb Code    18  stm32f4xx_spi.o(.text)
    SPI_I2S_ITConfig                         0x0800488d   Thumb Code    68  stm32f4xx_spi.o(.text)
    SPI_I2S_GetFlagStatus                    0x080048d1   Thumb Code    18  stm32f4xx_spi.o(.text)
    SPI_I2S_ClearFlag                        0x080048e3   Thumb Code     6  stm32f4xx_spi.o(.text)
    SPI_I2S_GetITStatus                      0x080048e9   Thumb Code    52  stm32f4xx_spi.o(.text)
    SPI_I2S_ClearITPendingBit                0x0800491d   Thumb Code    20  stm32f4xx_spi.o(.text)
    delay_schedlock                          0x08004931   Thumb Code     8  delay.o(.text)
    delay_schedunlock                        0x08004939   Thumb Code     8  delay.o(.text)
    delay_ostimedly                          0x08004941   Thumb Code    12  delay.o(.text)
    SysTick_Handler                          0x0800494d   Thumb Code    24  delay.o(.text)
    delay_init                               0x08004965   Thumb Code    76  delay.o(.text)
    delay_us                                 0x080049b1   Thumb Code    86  delay.o(.text)
    delay_ms                                 0x08004a07   Thumb Code    66  delay.o(.text)
    _sys_exit                                0x08004a59   Thumb Code     4  usart.o(.text)
    fputc                                    0x08004a5d   Thumb Code    22  usart.o(.text)
    uart_init                                0x08004a73   Thumb Code   172  usart.o(.text)
    USART1_IRQHandler                        0x08004b1f   Thumb Code   130  usart.o(.text)
    usmart_sys_cmd_exe                       0x08004bb1   Thumb Code  1554  usmart.o(.text)
    usmart_reset_runtime                     0x080051c3   Thumb Code    38  usmart.o(.text)
    usmart_get_runtime                       0x080051e9   Thumb Code    56  usmart.o(.text)
    TIM4_IRQHandler                          0x08005221   Thumb Code    50  usmart.o(.text)
    Timer4_Init                              0x08005253   Thumb Code    90  usmart.o(.text)
    usmart_init                              0x080052ad   Thumb Code    36  usmart.o(.text)
    usmart_cmd_rec                           0x080052d1   Thumb Code   170  usmart.o(.text)
    usmart_exe                               0x0800537b   Thumb Code   872  usmart.o(.text)
    usmart_scan                              0x080056e3   Thumb Code   120  usmart.o(.text)
    read_addr                                0x0800575b   Thumb Code     6  usmart.o(.text)
    write_addr                               0x08005761   Thumb Code     4  usmart.o(.text)
    usmart_strcmp                            0x080057ed   Thumb Code    34  usmart_str.o(.text)
    usmart_strcopy                           0x0800580f   Thumb Code    22  usmart_str.o(.text)
    usmart_strlen                            0x08005825   Thumb Code    24  usmart_str.o(.text)
    usmart_pow                               0x0800583d   Thumb Code    22  usmart_str.o(.text)
    usmart_str2num                           0x08005853   Thumb Code   202  usmart_str.o(.text)
    usmart_get_cmdname                       0x0800591d   Thumb Code    54  usmart_str.o(.text)
    usmart_search_nextc                      0x08005953   Thumb Code    22  usmart_str.o(.text)
    usmart_get_fname                         0x08005969   Thumb Code   440  usmart_str.o(.text)
    usmart_get_aparm                         0x08005b21   Thumb Code   200  usmart_str.o(.text)
    usmart_get_parmpos                       0x08005be9   Thumb Code    26  usmart_str.o(.text)
    usmart_get_fparam                        0x08005c03   Thumb Code   262  usmart_str.o(.text)
    lwip_pkt_handle                          0x08005d15   Thumb Code    10  lwip_comm.o(.text)
    lwip_comm_mem_free                       0x08005d1f   Thumb Code    44  lwip_comm.o(.text)
    lwip_comm_mem_malloc                     0x08005d4b   Thumb Code   100  lwip_comm.o(.text)
    lwip_comm_default_ip_set                 0x08005daf   Thumb Code    90  lwip_comm.o(.text)
    lwip_comm_init                           0x08005e09   Thumb Code   292  lwip_comm.o(.text)
    tcp_server_init                          0x080061c3   Thumb Code    32  tcp_server_demo.o(.text)
    etharp_tmr                               0x080062e1   Thumb Code   144  etharp.o(.text)
    etharp_cleanup_netif                     0x080067bf   Thumb Code    52  etharp.o(.text)
    etharp_find_addr                         0x080067f3   Thumb Code   110  etharp.o(.text)
    etharp_request                           0x08006acb   Thumb Code    40  etharp.o(.text)
    etharp_query                             0x08006b81   Thumb Code   646  etharp.o(.text)
    etharp_output                            0x08006e07   Thumb Code   392  etharp.o(.text)
    ethernet_input                           0x08006f8f   Thumb Code   204  etharp.o(.text)
    ethernetif_input                         0x08007227   Thumb Code    48  ethernetif.o(.text)
    ethernetif_init                          0x08007257   Thumb Code    56  ethernetif.o(.text)
    icmp_input                               0x08007315   Thumb Code   492  icmp.o(.text)
    icmp_dest_unreach                        0x080075a1   Thumb Code    18  icmp.o(.text)
    icmp_time_exceeded                       0x080075b3   Thumb Code    18  icmp.o(.text)
    inet_chksum_pseudo                       0x08007797   Thumb Code   170  inet_chksum.o(.text)
    inet_chksum_pseudo_partial               0x08007841   Thumb Code   218  inet_chksum.o(.text)
    inet_chksum                              0x0800791b   Thumb Code    20  inet_chksum.o(.text)
    inet_chksum_pbuf                         0x0800792f   Thumb Code    86  inet_chksum.o(.text)
    ip_route                                 0x080079ed   Thumb Code    80  ip.o(.text)
    ip_input                                 0x08007a3d   Thumb Code   434  ip.o(.text)
    ip_output_if                             0x08007bef   Thumb Code   252  ip.o(.text)
    ip_output                                0x08007ceb   Thumb Code    84  ip.o(.text)
    ip4_addr_isbroadcast                     0x08007ded   Thumb Code    78  ip_addr.o(.text)
    ip4_addr_netmask_valid                   0x08007e3b   Thumb Code    56  ip_addr.o(.text)
    ipaddr_aton                              0x08007e73   Thumb Code   364  ip_addr.o(.text)
    ipaddr_addr                              0x08007fdf   Thumb Code    24  ip_addr.o(.text)
    ipaddr_ntoa_r                            0x08007ff7   Thumb Code   168  ip_addr.o(.text)
    ipaddr_ntoa                              0x0800809f   Thumb Code    16  ip_addr.o(.text)
    ip_reass_tmr                             0x08008269   Thumb Code    56  ip_frag.o(.text)
    ip_reass                                 0x080086a5   Thumb Code   410  ip_frag.o(.text)
    ip_frag                                  0x080088c5   Thumb Code   630  ip_frag.o(.text)
    lwip_htons                               0x08008b41   Thumb Code    12  def.o(.text)
    lwip_ntohs                               0x08008b4d   Thumb Code    12  def.o(.text)
    lwip_htonl                               0x08008b59   Thumb Code    26  def.o(.text)
    lwip_ntohl                               0x08008b73   Thumb Code    12  def.o(.text)
    lwip_init                                0x08008b7f   Thumb Code    36  init.o(.text)
    memp_get_memorysize                      0x08008ba5   Thumb Code     8  memp.o(.text)
    memp_init                                0x08008bad   Thumb Code    86  memp.o(.text)
    memp_malloc                              0x08008c03   Thumb Code   104  memp.o(.text)
    memp_free                                0x08008c6b   Thumb Code    74  memp.o(.text)
    netif_init                               0x08008d79   Thumb Code     2  netif.o(.text)
    netif_set_gw                             0x08008d7b   Thumb Code    16  netif.o(.text)
    netif_set_netmask                        0x08008d8b   Thumb Code    16  netif.o(.text)
    netif_set_ipaddr                         0x08008d9b   Thumb Code   124  netif.o(.text)
    netif_set_addr                           0x08008e17   Thumb Code    40  netif.o(.text)
    netif_add                                0x08008e3f   Thumb Code   146  netif.o(.text)
    netif_set_default                        0x08008ed1   Thumb Code    10  netif.o(.text)
    netif_set_down                           0x08008edb   Thumb Code    42  netif.o(.text)
    netif_remove                             0x08008f05   Thumb Code    94  netif.o(.text)
    netif_find                               0x08008f63   Thumb Code    72  netif.o(.text)
    netif_set_up                             0x08008fab   Thumb Code    54  netif.o(.text)
    netif_set_link_up                        0x08008fe1   Thumb Code    54  netif.o(.text)
    netif_set_link_down                      0x08009017   Thumb Code    24  netif.o(.text)
    pbuf_free                                0x080090ad   Thumb Code   272  pbuf.o(.text)
    pbuf_alloc                               0x080091bd   Thumb Code   652  pbuf.o(.text)
    pbuf_alloced_custom                      0x08009449   Thumb Code   656  pbuf.o(.text)
    pbuf_realloc                             0x080096d9   Thumb Code   268  pbuf.o(.text)
    pbuf_header                              0x080097e5   Thumb Code   214  pbuf.o(.text)
    pbuf_clen                                0x080098bb   Thumb Code    18  pbuf.o(.text)
    pbuf_ref                                 0x080098cd   Thumb Code    26  pbuf.o(.text)
    pbuf_cat                                 0x080098e7   Thumb Code   138  pbuf.o(.text)
    pbuf_chain                               0x08009971   Thumb Code    26  pbuf.o(.text)
    pbuf_dechain                             0x0800998b   Thumb Code   132  pbuf.o(.text)
    pbuf_copy                                0x08009a0f   Thumb Code   790  pbuf.o(.text)
    pbuf_copy_partial                        0x08009d25   Thumb Code   190  pbuf.o(.text)
    pbuf_take                                0x08009de3   Thumb Code   210  pbuf.o(.text)
    pbuf_coalesce                            0x08009eb5   Thumb Code    84  pbuf.o(.text)
    pbuf_get_at                              0x08009f09   Thumb Code    46  pbuf.o(.text)
    pbuf_memcmp                              0x08009f37   Thumb Code    96  pbuf.o(.text)
    pbuf_memfind                             0x08009f97   Thumb Code    76  pbuf.o(.text)
    pbuf_strstr                              0x08009fe3   Thumb Code    60  pbuf.o(.text)
    raw_input                                0x0800a14d   Thumb Code   102  raw.o(.text)
    raw_bind                                 0x0800a1b3   Thumb Code    16  raw.o(.text)
    raw_connect                              0x0800a1c3   Thumb Code    16  raw.o(.text)
    raw_recv                                 0x0800a1d3   Thumb Code     6  raw.o(.text)
    raw_sendto                               0x0800a1d9   Thumb Code   190  raw.o(.text)
    raw_send                                 0x0800a297   Thumb Code    18  raw.o(.text)
    raw_remove                               0x0800a2a9   Thumb Code    60  raw.o(.text)
    raw_new                                  0x0800a2e5   Thumb Code    46  raw.o(.text)
    tcp_init                                 0x0800a399   Thumb Code     2  tcp.o(.text)
    tcp_seg_free                             0x0800a39b   Thumb Code    26  tcp.o(.text)
    tcp_segs_free                            0x0800a3b5   Thumb Code    24  tcp.o(.text)
    tcp_pcb_purge                            0x0800a3cd   Thumb Code    88  tcp.o(.text)
    tcp_slowtmr                              0x0800a425   Thumb Code  1436  tcp.o(.text)
    tcp_pcb_remove                           0x0800a9c1   Thumb Code   192  tcp.o(.text)
    tcp_close                                0x0800ac4d   Thumb Code    28  tcp.o(.text)
    tcp_update_rcv_ann_wnd                   0x0800ac69   Thumb Code   106  tcp.o(.text)
    tcp_recved                               0x0800acd3   Thumb Code   392  tcp.o(.text)
    tcp_recv_null                            0x0800ae5b   Thumb Code    46  tcp.o(.text)
    tcp_process_refused_data                 0x0800ae89   Thumb Code   148  tcp.o(.text)
    tcp_fasttmr                              0x0800af1d   Thumb Code   114  tcp.o(.text)
    tcp_tmr                                  0x0800af8f   Thumb Code    30  tcp.o(.text)
    tcp_shutdown                             0x0800afad   Thumb Code    98  tcp.o(.text)
    tcp_abandon                              0x0800b00f   Thumb Code   168  tcp.o(.text)
    tcp_abort                                0x0800b0b7   Thumb Code    14  tcp.o(.text)
    tcp_bind                                 0x0800b125   Thumb Code   170  tcp.o(.text)
    tcp_listen_with_backlog                  0x0800b1d7   Thumb Code   420  tcp.o(.text)
    tcp_eff_send_mss                         0x0800b37b   Thumb Code    46  tcp.o(.text)
    tcp_next_iss                             0x0800b3a9   Thumb Code    20  tcp.o(.text)
    tcp_connect                              0x0800b3bd   Thumb Code   352  tcp.o(.text)
    tcp_setprio                              0x0800b51d   Thumb Code     4  tcp.o(.text)
    tcp_alloc                                0x0800b5a7   Thumb Code   182  tcp.o(.text)
    tcp_new                                  0x0800b65d   Thumb Code    10  tcp.o(.text)
    tcp_arg                                  0x0800b667   Thumb Code     4  tcp.o(.text)
    tcp_recv                                 0x0800b66b   Thumb Code    42  tcp.o(.text)
    tcp_sent                                 0x0800b695   Thumb Code    42  tcp.o(.text)
    tcp_err                                  0x0800b6bf   Thumb Code   258  tcp.o(.text)
    tcp_accept                               0x0800b7c1   Thumb Code     4  tcp.o(.text)
    tcp_poll                                 0x0800b7c5   Thumb Code    50  tcp.o(.text)
    tcp_debug_state_str                      0x0800b7f7   Thumb Code    10  tcp.o(.text)
    tcp_input                                0x0800c9ef   Thumb Code  1674  tcp_in.o(.text)
    tcp_enqueue_flags                        0x0800d1e9   Thumb Code   418  tcp_out.o(.text)
    tcp_send_fin                             0x0800d38b   Thumb Code    74  tcp_out.o(.text)
    tcp_write                                0x0800d66f   Thumb Code  1744  tcp_out.o(.text)
    tcp_send_empty_ack                       0x0800dd3f   Thumb Code    86  tcp_out.o(.text)
    tcp_output                               0x0800de67   Thumb Code   710  tcp_out.o(.text)
    tcp_rst                                  0x0800e12d   Thumb Code   162  tcp_out.o(.text)
    tcp_rexmit_rto                           0x0800e1cf   Thumb Code    58  tcp_out.o(.text)
    tcp_rexmit                               0x0800e209   Thumb Code    90  tcp_out.o(.text)
    tcp_rexmit_fast                          0x0800e263   Thumb Code   120  tcp_out.o(.text)
    tcp_keepalive                            0x0800e2db   Thumb Code    84  tcp_out.o(.text)
    tcp_zero_window_probe                    0x0800e32f   Thumb Code   180  tcp_out.o(.text)
    sys_timeout                              0x0800e3e5   Thumb Code   174  timers.o(.text)
    tcp_timer_needed                         0x0800e4bb   Thumb Code    38  timers.o(.text)
    sys_timeouts_init                        0x0800e515   Thumb Code    28  timers.o(.text)
    sys_untimeout                            0x0800e531   Thumb Code    90  timers.o(.text)
    sys_timeouts_mbox_fetch                  0x0800e58b   Thumb Code   132  timers.o(.text)
    udp_init                                 0x0800e6c1   Thumb Code     2  udp.o(.text)
    udp_input                                0x0800e713   Thumb Code   454  udp.o(.text)
    udp_bind                                 0x0800e8d9   Thumb Code   170  udp.o(.text)
    udp_sendto_if                            0x0800e983   Thumb Code   264  udp.o(.text)
    udp_sendto                               0x0800ea8b   Thumb Code   256  udp.o(.text)
    udp_send                                 0x0800eb8b   Thumb Code    20  udp.o(.text)
    udp_connect                              0x0800eb9f   Thumb Code    98  udp.o(.text)
    udp_disconnect                           0x0800ec01   Thumb Code    16  udp.o(.text)
    udp_recv                                 0x0800ec11   Thumb Code     6  udp.o(.text)
    udp_remove                               0x0800ec17   Thumb Code    60  udp.o(.text)
    udp_new                                  0x0800ec53   Thumb Code    28  udp.o(.text)
    mem_init                                 0x0800ed4f   Thumb Code   114  mem.o(.text)
    mem_free                                 0x0800edc1   Thumb Code   182  mem.o(.text)
    mem_trim                                 0x0800ee77   Thumb Code   338  mem.o(.text)
    mem_malloc                               0x0800efc9   Thumb Code   796  mem.o(.text)
    mem_calloc                               0x0800f2e5   Thumb Code    34  mem.o(.text)
    sys_mbox_new                             0x0800f3b9   Thumb Code   108  sys_arch.o(.text)
    sys_mbox_free                            0x0800f425   Thumb Code    56  sys_arch.o(.text)
    sys_mbox_post                            0x0800f45d   Thumb Code    28  sys_arch.o(.text)
    sys_mbox_trypost                         0x0800f479   Thumb Code    32  sys_arch.o(.text)
    sys_arch_mbox_fetch                      0x0800f499   Thumb Code   154  sys_arch.o(.text)
    sys_arch_mbox_tryfetch                   0x0800f533   Thumb Code    18  sys_arch.o(.text)
    sys_mbox_valid                           0x0800f545   Thumb Code    56  sys_arch.o(.text)
    sys_mbox_set_invalid                     0x0800f57d   Thumb Code     6  sys_arch.o(.text)
    sys_sem_new                              0x0800f583   Thumb Code    62  sys_arch.o(.text)
    sys_arch_sem_wait                        0x0800f5c1   Thumb Code    96  sys_arch.o(.text)
    sys_sem_signal                           0x0800f621   Thumb Code    12  sys_arch.o(.text)
    sys_sem_free                             0x0800f62d   Thumb Code    52  sys_arch.o(.text)
    sys_sem_valid                            0x0800f661   Thumb Code    22  sys_arch.o(.text)
    sys_sem_set_invalid                      0x0800f677   Thumb Code     6  sys_arch.o(.text)
    sys_init                                 0x0800f67d   Thumb Code     2  sys_arch.o(.text)
    sys_thread_new                           0x0800f67f   Thumb Code    66  sys_arch.o(.text)
    sys_msleep                               0x0800f6c1   Thumb Code    12  sys_arch.o(.text)
    sys_now                                  0x0800f6cd   Thumb Code    26  sys_arch.o(.text)
    netconn_new_with_proto_and_callback      0x0800f78d   Thumb Code   194  api_lib.o(.text)
    netconn_delete                           0x0800f84f   Thumb Code    36  api_lib.o(.text)
    netconn_getaddr                          0x0800f873   Thumb Code   160  api_lib.o(.text)
    netconn_bind                             0x0800f913   Thumb Code    98  api_lib.o(.text)
    netconn_connect                          0x0800f975   Thumb Code    98  api_lib.o(.text)
    netconn_disconnect                       0x0800f9d7   Thumb Code    84  api_lib.o(.text)
    netconn_listen_with_backlog              0x0800fa2b   Thumb Code    86  api_lib.o(.text)
    netconn_accept                           0x0800fa81   Thumb Code   808  api_lib.o(.text)
    netconn_recv_tcp_pbuf                    0x0800ff1f   Thumb Code    56  api_lib.o(.text)
    netconn_recv                             0x0800ff57   Thumb Code   270  api_lib.o(.text)
    netconn_recved                           0x08010065   Thumb Code    46  api_lib.o(.text)
    netconn_send                             0x08010093   Thumb Code    98  api_lib.o(.text)
    netconn_sendto                           0x080100f5   Thumb Code    44  api_lib.o(.text)
    netconn_write_partly                     0x08010121   Thumb Code   434  api_lib.o(.text)
    netconn_close                            0x08010333   Thumb Code    14  api_lib.o(.text)
    netconn_shutdown                         0x08010341   Thumb Code    36  api_lib.o(.text)
    netconn_free                             0x08010d63   Thumb Code   330  api_msg.o(.text)
    netconn_alloc                            0x08010ead   Thumb Code   174  api_msg.o(.text)
    do_newconn                               0x080110bd   Thumb Code    32  api_msg.o(.text)
    do_delconn                               0x080111a9   Thumb Code   636  api_msg.o(.text)
    do_bind                                  0x08011425   Thumb Code   116  api_msg.o(.text)
    do_connect                               0x0801156d   Thumb Code   230  api_msg.o(.text)
    do_disconnect                            0x08011653   Thumb Code    46  api_msg.o(.text)
    do_listen                                0x08011681   Thumb Code   388  api_msg.o(.text)
    do_send                                  0x08011805   Thumb Code   166  api_msg.o(.text)
    do_recv                                  0x080118ab   Thumb Code    72  api_msg.o(.text)
    do_write                                 0x080118f3   Thumb Code   166  api_msg.o(.text)
    do_getaddr                               0x08011999   Thumb Code   198  api_msg.o(.text)
    do_close                                 0x08011a5f   Thumb Code   184  api_msg.o(.text)
    netbuf_new                               0x08011b49   Thumb Code    30  netbuf.o(.text)
    netbuf_delete                            0x08011b67   Thumb Code    32  netbuf.o(.text)
    netbuf_alloc                             0x08011b87   Thumb Code   102  netbuf.o(.text)
    netbuf_free                              0x08011bed   Thumb Code    48  netbuf.o(.text)
    netbuf_ref                               0x08011c1d   Thumb Code    92  netbuf.o(.text)
    netbuf_chain                             0x08011c79   Thumb Code    78  netbuf.o(.text)
    netbuf_data                              0x08011cc7   Thumb Code   122  netbuf.o(.text)
    netbuf_next                              0x08011d41   Thumb Code    64  netbuf.o(.text)
    netbuf_first                             0x08011d81   Thumb Code    36  netbuf.o(.text)
    lwip_socket_init                         0x08011ef9   Thumb Code     2  sockets.o(.text)
    lwip_accept                              0x080121a5   Thumb Code   668  sockets.o(.text)
    lwip_bind                                0x08012441   Thumb Code   186  sockets.o(.text)
    lwip_close                               0x080124fb   Thumb Code    94  sockets.o(.text)
    lwip_connect                             0x08012559   Thumb Code   206  sockets.o(.text)
    lwip_listen                              0x08012627   Thumb Code   136  sockets.o(.text)
    lwip_recvfrom                            0x080126af   Thumb Code   816  sockets.o(.text)
    lwip_read                                0x080129df   Thumb Code    28  sockets.o(.text)
    lwip_recv                                0x080129fb   Thumb Code    34  sockets.o(.text)
    lwip_sendto                              0x08012a1d   Thumb Code   278  sockets.o(.text)
    lwip_send                                0x08012b33   Thumb Code   156  sockets.o(.text)
    lwip_socket                              0x08012bcf   Thumb Code   296  sockets.o(.text)
    lwip_write                               0x08012cf7   Thumb Code    22  sockets.o(.text)
    lwip_select                              0x08012e89   Thumb Code   868  sockets.o(.text)
    lwip_shutdown                            0x080131ed   Thumb Code   298  sockets.o(.text)
    lwip_getpeername                         0x08013399   Thumb Code    22  sockets.o(.text)
    lwip_getsockname                         0x080133af   Thumb Code    22  sockets.o(.text)
    lwip_getsockopt                          0x080135c1   Thumb Code   410  sockets.o(.text)
    lwip_setsockopt                          0x08013911   Thumb Code   318  sockets.o(.text)
    lwip_ioctl                               0x08013a4f   Thumb Code   116  sockets.o(.text)
    lwip_fcntl                               0x08013ac3   Thumb Code   142  sockets.o(.text)
    tcpip_input                              0x08013c37   Thumb Code    72  tcpip.o(.text)
    tcpip_callback_with_block                0x08013c7f   Thumb Code    90  tcpip.o(.text)
    tcpip_timeout                            0x08013cd9   Thumb Code    64  tcpip.o(.text)
    tcpip_untimeout                          0x08013d19   Thumb Code    56  tcpip.o(.text)
    tcpip_apimsg                             0x08013d51   Thumb Code    60  tcpip.o(.text)
    tcpip_callbackmsg_new                    0x08013d8d   Thumb Code    32  tcpip.o(.text)
    tcpip_callbackmsg_delete                 0x08013dad   Thumb Code    14  tcpip.o(.text)
    tcpip_trycallback                        0x08013dbb   Thumb Code    28  tcpip.o(.text)
    tcpip_init                               0x08013dd7   Thumb Code    72  tcpip.o(.text)
    pbuf_free_callback                       0x08013e2d   Thumb Code    16  tcpip.o(.text)
    mem_free_callback                        0x08013e3d   Thumb Code    16  tcpip.o(.text)
    OS_StrLen                                0x08013f09   Thumb Code    20  os_core.o(.text)
    OSEventNameGet                           0x08013f1d   Thumb Code    98  os_core.o(.text)
    OSEventNameSet                           0x08013f7f   Thumb Code    84  os_core.o(.text)
    OS_TaskStatStkChk                        0x08013fd3   Thumb Code    54  os_core.o(.text)
    OS_TaskStat                              0x08014009   Thumb Code   116  os_core.o(.text)
    OS_TaskIdle                              0x080140b1   Thumb Code    34  os_core.o(.text)
    OS_MemClr                                0x08014107   Thumb Code    18  os_core.o(.text)
    OSInit                                   0x0801422d   Thumb Code    52  os_core.o(.text)
    OSIntEnter                               0x08014261   Thumb Code    28  os_core.o(.text)
    OSIntExit                                0x08014297   Thumb Code   262  os_core.o(.text)
    OSSchedLock                              0x0801439d   Thumb Code    50  os_core.o(.text)
    OS_Sched                                 0x080143cf   Thumb Code    88  os_core.o(.text)
    OSSchedUnlock                            0x08014427   Thumb Code    82  os_core.o(.text)
    OSStart                                  0x08014479   Thumb Code    48  os_core.o(.text)
    OSStatInit                               0x080144a9   Thumb Code    62  os_core.o(.text)
    OSTimeTick                               0x080144e7   Thumb Code   210  os_core.o(.text)
    OSVersion                                0x080145b9   Thumb Code     6  os_core.o(.text)
    OS_Dummy                                 0x080145bf   Thumb Code     2  os_core.o(.text)
    OS_EventTaskRemove                       0x080145c1   Thumb Code    42  os_core.o(.text)
    OS_EventTaskRdy                          0x080145eb   Thumb Code   114  os_core.o(.text)
    OS_EventTaskWait                         0x0801465d   Thumb Code   112  os_core.o(.text)
    OS_EventWaitListInit                     0x080146cd   Thumb Code    28  os_core.o(.text)
    OS_MemCopy                               0x080146e9   Thumb Code    20  os_core.o(.text)
    OS_TCBInit                               0x080146fd   Thumb Code   360  os_core.o(.text)
    OSFlagAccept                             0x08014879   Thumb Code   252  os_flag.o(.text)
    OSFlagCreate                             0x08014975   Thumb Code    86  os_flag.o(.text)
    OS_FlagUnlink                            0x080149cb   Thumb Code    36  os_flag.o(.text)
    OSFlagDel                                0x08014a41   Thumb Code   214  os_flag.o(.text)
    OSFlagNameGet                            0x08014b17   Thumb Code    80  os_flag.o(.text)
    OSFlagNameSet                            0x08014b67   Thumb Code    66  os_flag.o(.text)
    OSFlagPend                               0x08014c41   Thumb Code   614  os_flag.o(.text)
    OSFlagPendGetFlagsRdy                    0x08014ea7   Thumb Code    26  os_flag.o(.text)
    OSFlagPost                               0x08014ec1   Thumb Code   312  os_flag.o(.text)
    OSFlagQuery                              0x08014ff9   Thumb Code    48  os_flag.o(.text)
    OS_FlagInit                              0x08015029   Thumb Code    78  os_flag.o(.text)
    OSMemCreate                              0x08015085   Thumb Code   118  os_mem.o(.text)
    OSMemGet                                 0x080150fb   Thumb Code    62  os_mem.o(.text)
    OSMemNameGet                             0x08015139   Thumb Code    60  os_mem.o(.text)
    OSMemNameSet                             0x08015175   Thumb Code    48  os_mem.o(.text)
    OSMemPut                                 0x080151a5   Thumb Code    54  os_mem.o(.text)
    OSMemQuery                               0x080151db   Thumb Code    52  os_mem.o(.text)
    OS_MemInit                               0x0801520f   Thumb Code    74  os_mem.o(.text)
    OSQAccept                                0x08015269   Thumb Code    88  os_q.o(.text)
    OSQCreate                                0x080152c1   Thumb Code   144  os_q.o(.text)
    OSQDel                                   0x08015351   Thumb Code   244  os_q.o(.text)
    OSQFlush                                 0x08015445   Thumb Code    36  os_q.o(.text)
    OSQPend                                  0x08015469   Thumb Code   272  os_q.o(.text)
    OSQPendAbort                             0x08015579   Thumb Code   128  os_q.o(.text)
    OSQPost                                  0x080155f9   Thumb Code   114  os_q.o(.text)
    OSQPostFront                             0x0801566b   Thumb Code   140  os_q.o(.text)
    OSQPostOpt                               0x080156f7   Thumb Code   182  os_q.o(.text)
    OSQQuery                                 0x080157ad   Thumb Code    98  os_q.o(.text)
    OS_QInit                                 0x0801580f   Thumb Code    72  os_q.o(.text)
    OSSemAccept                              0x08015861   Thumb Code    42  os_sem.o(.text)
    OSSemCreate                              0x0801588b   Thumb Code    72  os_sem.o(.text)
    OSSemDel                                 0x080158d3   Thumb Code   230  os_sem.o(.text)
    OSSemPend                                0x080159b9   Thumb Code   222  os_sem.o(.text)
    OSSemPendAbort                           0x08015a97   Thumb Code   128  os_sem.o(.text)
    OSSemPost                                0x08015b17   Thumb Code    88  os_sem.o(.text)
    OSSemQuery                               0x08015b6f   Thumb Code    76  os_sem.o(.text)
    OSSemSet                                 0x08015bbb   Thumb Code    66  os_sem.o(.text)
    OSTaskChangePrio                         0x08015c3d   Thumb Code   308  os_task.o(.text)
    OSTaskCreate                             0x08015d71   Thumb Code   148  os_task.o(.text)
    OS_TaskStkClr                            0x08015e05   Thumb Code    26  os_task.o(.text)
    OSTaskCreateExt                          0x08015e1f   Thumb Code   170  os_task.o(.text)
    OSTaskDel                                0x08015ec9   Thumb Code   294  os_task.o(.text)
    OSTaskDelReq                             0x08015fef   Thumb Code   144  os_task.o(.text)
    OSTaskNameGet                            0x0801607f   Thumb Code   114  os_task.o(.text)
    OSTaskNameSet                            0x080160f1   Thumb Code    98  os_task.o(.text)
    OSTaskResume                             0x08016153   Thumb Code   154  os_task.o(.text)
    OSTaskStkChk                             0x080161ed   Thumb Code   132  os_task.o(.text)
    OSTaskSuspend                            0x08016271   Thumb Code   152  os_task.o(.text)
    OSTaskQuery                              0x08016309   Thumb Code    82  os_task.o(.text)
    OSTaskRegGet                             0x0801635b   Thumb Code    60  os_task.o(.text)
    OSTaskRegSet                             0x08016397   Thumb Code    62  os_task.o(.text)
    OS_TaskReturn                            0x080163d5   Thumb Code    18  os_task.o(.text)
    OSTimeDly                                0x08016401   Thumb Code   100  os_time.o(.text)
    OSTimeDlyHMSM                            0x08016465   Thumb Code    86  os_time.o(.text)
    OSTimeDlyResume                          0x080164bb   Thumb Code   168  os_time.o(.text)
    OSTimeGet                                0x08016563   Thumb Code    24  os_time.o(.text)
    OSTimeSet                                0x0801657b   Thumb Code    24  os_time.o(.text)
    OSTmrCreate                              0x080165e3   Thumb Code    96  os_tmr.o(.text)
    OSTmrDel                                 0x080166bb   Thumb Code   124  os_tmr.o(.text)
    OSTmrNameGet                             0x08016737   Thumb Code   114  os_tmr.o(.text)
    OSTmrRemainGet                           0x080167a9   Thumb Code   164  os_tmr.o(.text)
    OSTmrStateGet                            0x0801684d   Thumb Code    86  os_tmr.o(.text)
    OSTmrStart                               0x08016907   Thumb Code   128  os_tmr.o(.text)
    OSTmrStop                                0x08016987   Thumb Code   210  os_tmr.o(.text)
    OSTmrSignal                              0x08016a59   Thumb Code    16  os_tmr.o(.text)
    OSTmr_Init                               0x08016b0d   Thumb Code   172  os_tmr.o(.text)
    OSInitHookBegin                          0x08016c21   Thumb Code     8  os_cpu_c.o(.text)
    OSInitHookEnd                            0x08016c29   Thumb Code     2  os_cpu_c.o(.text)
    OSTaskCreateHook                         0x08016c2b   Thumb Code     2  os_cpu_c.o(.text)
    OSTaskDelHook                            0x08016c2d   Thumb Code     2  os_cpu_c.o(.text)
    OSTaskIdleHook                           0x08016c2f   Thumb Code     2  os_cpu_c.o(.text)
    OSTaskStatHook                           0x08016c31   Thumb Code     2  os_cpu_c.o(.text)
    OSTaskStkInit                            0x08016c33   Thumb Code   426  os_cpu_c.o(.text)
    OSTaskSwHook                             0x08016ddd   Thumb Code     2  os_cpu_c.o(.text)
    OSTCBInitHook                            0x08016ddf   Thumb Code     2  os_cpu_c.o(.text)
    OSTimeTickHook                           0x08016de1   Thumb Code    30  os_cpu_c.o(.text)
    OSTaskReturnHook                         0x08016dff   Thumb Code     2  os_cpu_c.o(.text)
    OS_CPU_SR_Save                           0x08016e09   Thumb Code     0  os_cpu_a.o(.text)
    OS_CPU_SR_Restore                        0x08016e11   Thumb Code     0  os_cpu_a.o(.text)
    OSStartHighRdy                           0x08016e17   Thumb Code     0  os_cpu_a.o(.text)
    OSCtxSw                                  0x08016e3b   Thumb Code     0  os_cpu_a.o(.text)
    OSIntCtxSw                               0x08016e49   Thumb Code     0  os_cpu_a.o(.text)
    PendSV_Handler                           0x08016e59   Thumb Code     0  os_cpu_a.o(.text)
    mymemcpy                                 0x08016ed1   Thumb Code    26  malloc.o(.text)
    mymemset                                 0x08016eeb   Thumb Code    20  malloc.o(.text)
    mymem_init                               0x08016eff   Thumb Code    54  malloc.o(.text)
    mem_perused                              0x08016f35   Thumb Code    54  malloc.o(.text)
    mymem_malloc                             0x08016f6b   Thumb Code   162  malloc.o(.text)
    mymem_free                               0x0801700d   Thumb Code    94  malloc.o(.text)
    myfree                                   0x0801706b   Thumb Code    32  malloc.o(.text)
    mymalloc                                 0x0801708b   Thumb Code    36  malloc.o(.text)
    myrealloc                                0x080170af   Thumb Code    68  malloc.o(.text)
    __use_no_semihosting                     0x08017105   Thumb Code     2  use_no_semi_2.o(.text)
    __rt_ctype_table                         0x08017109   Thumb Code    16  rt_ctype_table.o(.text)
    __2printf                                0x08017119   Thumb Code    20  __2printf.o(.text)
    __2sprintf                               0x08017131   Thumb Code    38  __2sprintf.o(.text)
    _printf_pre_padding                      0x0801715d   Thumb Code    44  _printf_pad.o(.text)
    _printf_post_padding                     0x08017189   Thumb Code    34  _printf_pad.o(.text)
    _printf_str                              0x080171ab   Thumb Code    82  _printf_str.o(.text)
    _printf_int_dec                          0x080171fd   Thumb Code   104  _printf_dec.o(.text)
    _printf_int_hex                          0x08017275   Thumb Code    84  _printf_hex_int.o(.text)
    _printf_longlong_hex                     0x08017275   Thumb Code     0  _printf_hex_int.o(.text)
    __printf                                 0x080172cd   Thumb Code   388  __printf_flags_ss_wp.o(.text)
    memcmp                                   0x08017455   Thumb Code    88  memcmp.o(.text)
    strlen                                   0x080174ad   Thumb Code    62  strlen.o(.text)
    __aeabi_memcpy                           0x080174eb   Thumb Code     0  rt_memcpy_v6.o(.text)
    __rt_memcpy                              0x080174eb   Thumb Code   138  rt_memcpy_v6.o(.text)
    _memcpy_lastbytes                        0x08017551   Thumb Code     0  rt_memcpy_v6.o(.text)
    __aeabi_memcpy4                          0x08017575   Thumb Code     0  rt_memcpy_w.o(.text)
    __aeabi_memcpy8                          0x08017575   Thumb Code     0  rt_memcpy_w.o(.text)
    __rt_memcpy_w                            0x08017575   Thumb Code   100  rt_memcpy_w.o(.text)
    _memcpy_lastbytes_aligned                0x080175bd   Thumb Code     0  rt_memcpy_w.o(.text)
    __aeabi_memclr                           0x080175d9   Thumb Code     0  rt_memclr.o(.text)
    __rt_memclr                              0x080175d9   Thumb Code    68  rt_memclr.o(.text)
    _memset                                  0x080175dd   Thumb Code     0  rt_memclr.o(.text)
    __aeabi_memclr4                          0x0801761d   Thumb Code     0  rt_memclr_w.o(.text)
    __aeabi_memclr8                          0x0801761d   Thumb Code     0  rt_memclr_w.o(.text)
    __rt_memclr_w                            0x0801761d   Thumb Code    78  rt_memclr_w.o(.text)
    _memset_w                                0x08017621   Thumb Code     0  rt_memclr_w.o(.text)
    strcmp                                   0x0801766d   Thumb Code   128  strcmpv7m.o(.text)
    __use_two_region_memory                  0x080176ed   Thumb Code     2  heapauxi.o(.text)
    __rt_heap_escrow$2region                 0x080176ef   Thumb Code     2  heapauxi.o(.text)
    __rt_heap_expand$2region                 0x080176f1   Thumb Code     2  heapauxi.o(.text)
    __I$use$semihosting                      0x080176f3   Thumb Code     0  use_no_semi.o(.text)
    __use_no_semihosting_swi                 0x080176f3   Thumb Code     2  use_no_semi.o(.text)
    __rt_locale                              0x080176f5   Thumb Code     8  rt_locale_intlibspace.o(.text)
    _printf_int_common                       0x080176fd   Thumb Code   178  _printf_intcommon.o(.text)
    __lib_sel_fp_printf                      0x080177af   Thumb Code     2  _printf_fp_dec.o(.text)
    _printf_fp_dec_real                      0x0801795d   Thumb Code   620  _printf_fp_dec.o(.text)
    _printf_char_common                      0x08017bd3   Thumb Code    32  _printf_char_common.o(.text)
    _sputc                                   0x08017bf9   Thumb Code    10  _sputc.o(.text)
    _printf_cs_common                        0x08017c03   Thumb Code    20  _printf_char.o(.text)
    _printf_char                             0x08017c17   Thumb Code    16  _printf_char.o(.text)
    _printf_string                           0x08017c27   Thumb Code     8  _printf_char.o(.text)
    _printf_char_file                        0x08017c31   Thumb Code    32  _printf_char_file.o(.text)
    __user_libspace                          0x08017c55   Thumb Code     8  libspace.o(.text)
    __user_perproc_libspace                  0x08017c55   Thumb Code     0  libspace.o(.text)
    __user_perthread_libspace                0x08017c55   Thumb Code     0  libspace.o(.text)
    _ll_udiv10                               0x08017c5d   Thumb Code   138  lludiv10.o(.text)
    _printf_fp_infnan                        0x08017ce9   Thumb Code   112  _printf_fp_infnan.o(.text)
    _btod_etento                             0x08017d69   Thumb Code   216  bigflt0.o(.text)
    ferror                                   0x08017e45   Thumb Code     8  ferror.o(.text)
    __user_setup_stackheap                   0x08017e4d   Thumb Code    74  sys_stackheap_outer.o(.text)
    exit                                     0x08017e97   Thumb Code    12  exit.o(.text)
    _btod_d2e                                0x08017ea3   Thumb Code    62  btod.o(CL$$btod_d2e)
    _d2e_denorm_low                          0x08017ee1   Thumb Code    70  btod.o(CL$$btod_d2e_denorm_low)
    _d2e_norm_op1                            0x08017f27   Thumb Code    96  btod.o(CL$$btod_d2e_norm_op1)
    __btod_div_common                        0x08017f87   Thumb Code   696  btod.o(CL$$btod_div_common)
    _e2e                                     0x080182bf   Thumb Code   198  btod.o(CL$$btod_e2e)
    _btod_ediv                               0x08018385   Thumb Code    40  btod.o(CL$$btod_ediv)
    _btod_emul                               0x080183ad   Thumb Code    40  btod.o(CL$$btod_emul)
    __btod_mult_common                       0x080183d5   Thumb Code   580  btod.o(CL$$btod_mult_common)
    __ARM_fpclassify                         0x08018619   Thumb Code    48  fpclassify.o(i.__ARM_fpclassify)
    _is_digit                                0x08018649   Thumb Code    14  __printf_wp.o(i._is_digit)
    _get_lc_ctype                            0x08018659   Thumb Code    44  lc_ctype_c.o(locale$$code)
    _get_lc_numeric                          0x08018685   Thumb Code    44  lc_numeric_c.o(locale$$code)
    __fpl_dretinf                            0x080186b1   Thumb Code    12  dretinf.o(x$fpl$dretinf)
    __aeabi_f2d                              0x080186bd   Thumb Code     0  f2d.o(x$fpl$f2d)
    _f2d                                     0x080186bd   Thumb Code    86  f2d.o(x$fpl$f2d)
    __fpl_fnaninf                            0x08018713   Thumb Code   140  fnaninf.o(x$fpl$fnaninf)
    _fp_init                                 0x0801879f   Thumb Code    10  fpinit.o(x$fpl$fpinit)
    __fplib_config_fpu_vfp                   0x080187a7   Thumb Code     0  fpinit.o(x$fpl$fpinit)
    __fplib_config_pureend_doubles           0x080187a7   Thumb Code     0  fpinit.o(x$fpl$fpinit)
    _printf_fp_dec                           0x080187a9   Thumb Code     4  printf1.o(x$fpl$printf1)
    FSMC_DefaultTimingStruct                 0x080187ac   Data          28  stm32f4xx_fsmc.o(.constdata)
    __I$use$fp                               0x080187ac   Number         0  usenofp.o(x$fpl$usenofp)
    ethbroadcast                             0x080187c8   Data           6  etharp.o(.constdata)
    ethzero                                  0x080187ce   Data           6  etharp.o(.constdata)
    ip_addr_any                              0x080187d4   Data           4  ip_addr.o(.constdata)
    ip_addr_broadcast                        0x080187d8   Data           4  ip_addr.o(.constdata)
    tcp_state_str                            0x08018814   Data          44  tcp.o(.constdata)
    tcp_backoff                              0x08018840   Data          13  tcp.o(.constdata)
    tcp_persist_backoff                      0x0801884d   Data           7  tcp.o(.constdata)
    tcp_pcb_lists                            0x08018854   Data          16  tcp.o(.constdata)
    pvNullPointer                            0x08018864   Data           4  sys_arch.o(.constdata)
    OSUnMapTbl                               0x080188a8   Data         256  os_core.o(.constdata)
    memtblsize                               0x080189a8   Data          12  malloc.o(.constdata)
    memblksize                               0x080189b4   Data          12  malloc.o(.constdata)
    memsize                                  0x080189c0   Data          12  malloc.o(.constdata)
    Region$$Table$$Base                      0x08018d78   Number         0  anon$$obj.o(Region$$Table)
    Region$$Table$$Limit                     0x08018d98   Number         0  anon$$obj.o(Region$$Table)
    __ctype                                  0x08018da5   Data           0  lc_ctype_c.o(locale$$data)
    mem3base                                 0x10000000   Data       61440  malloc.o(.ARM.__AT_0x10000000)
    mem3mapbase                              0x1000f000   Data        3840  malloc.o(.ARM.__AT_0x1000F000)
    spi_recvbuf                              0x20000000   Data           4  main.o(.data)
    SystemCoreClock                          0x20000004   Data           4  system_stm32f4xx.o(.data)
    AHBPrescTable                            0x20000008   Data          16  system_stm32f4xx.o(.data)
    rqst_buf                                 0x20000018   Data          15  decode.o(.data)
    DMARxDscrTab                             0x20000028   Data           4  lan8720.o(.data)
    DMATxDscrTab                             0x2000002c   Data           4  lan8720.o(.data)
    Rx_Buff                                  0x20000030   Data           4  lan8720.o(.data)
    Tx_Buff                                  0x20000034   Data           4  lan8720.o(.data)
    DMATxDescToSet                           0x20000048   Data           4  stm32f4x7_eth.o(.data)
    DMARxDescToGet                           0x2000004c   Data           4  stm32f4x7_eth.o(.data)
    DMA_RX_FRAME_infos                       0x20000050   Data           4  stm32f4x7_eth.o(.data)
    Frame_Rx_index                           0x20000054   Data           4  stm32f4x7_eth.o(.data)
    __stdout                                 0x2000005c   Data           4  usart.o(.data)
    USART_RX_STA                             0x20000060   Data           2  usart.o(.data)
    sys_cmd_tab                              0x20000064   Data          28  usmart.o(.data)
    usmart_nametab                           0x20000080   Data          48  usmart_config.o(.data)
    usmart_dev                               0x200000b0   Data         244  usmart_config.o(.data)
    TCPIP_THREAD_TASK_STK                    0x200001a4   Data           4  lwip_comm.o(.data)
    LWIP_DHCP_TASK_STK                       0x200001a8   Data           4  lwip_comm.o(.data)
    tcp_server_flag                          0x200001ac   Data           1  tcp_server_demo.o(.data)
    current_netif                            0x200001b8   Data           4  ip.o(.data)
    current_header                           0x200001bc   Data           4  ip.o(.data)
    current_iphdr_src                        0x200001c0   Data           4  ip.o(.data)
    current_iphdr_dest                       0x200001c4   Data           4  ip.o(.data)
    memp_memory                              0x2000020c   Data           4  memp.o(.data)
    netif_list                               0x20000210   Data           4  netif.o(.data)
    netif_default                            0x20000214   Data           4  netif.o(.data)
    tcp_ticks                                0x20000224   Data           4  tcp.o(.data)
    tcp_bound_pcbs                           0x20000228   Data           4  tcp.o(.data)
    tcp_listen_pcbs                          0x2000022c   Data           4  tcp.o(.data)
    tcp_active_pcbs                          0x20000230   Data           4  tcp.o(.data)
    tcp_tw_pcbs                              0x20000234   Data           4  tcp.o(.data)
    tcp_tmp_pcb                              0x20000238   Data           4  tcp.o(.data)
    tcp_active_pcbs_changed                  0x2000023c   Data           1  tcp.o(.data)
    tcp_input_pcb                            0x20000260   Data           4  tcp_in.o(.data)
    udp_pcbs                                 0x20000270   Data           4  udp.o(.data)
    ram_heap                                 0x20000274   Data           4  mem.o(.data)
    OSCtxSwCtr                               0x2000029c   Data           4  os_core.o(.data)
    OSEventFreeList                          0x200002a0   Data           4  os_core.o(.data)
    OSFlagFreeList                           0x200002a4   Data           4  os_core.o(.data)
    OSCPUUsage                               0x200002a8   Data           1  os_core.o(.data)
    OSIdleCtrMax                             0x200002ac   Data           4  os_core.o(.data)
    OSIdleCtrRun                             0x200002b0   Data           4  os_core.o(.data)
    OSStatRdy                                0x200002b4   Data           1  os_core.o(.data)
    OSIntNesting                             0x200002b5   Data           1  os_core.o(.data)
    OSLockNesting                            0x200002b6   Data           1  os_core.o(.data)
    OSPrioCur                                0x200002b7   Data           1  os_core.o(.data)
    OSPrioHighRdy                            0x200002b8   Data           1  os_core.o(.data)
    OSRdyGrp                                 0x200002b9   Data           1  os_core.o(.data)
    OSRdyTbl                                 0x200002ba   Data           8  os_core.o(.data)
    OSRunning                                0x200002c2   Data           1  os_core.o(.data)
    OSTaskCtr                                0x200002c3   Data           1  os_core.o(.data)
    OSIdleCtr                                0x200002c4   Data           4  os_core.o(.data)
    OSTCBCur                                 0x200002c8   Data           4  os_core.o(.data)
    OSTCBFreeList                            0x200002cc   Data           4  os_core.o(.data)
    OSTCBHighRdy                             0x200002d0   Data           4  os_core.o(.data)
    OSTCBList                                0x200002d4   Data           4  os_core.o(.data)
    OSTickStepState                          0x200002d8   Data           1  os_core.o(.data)
    OSMemFreeList                            0x200002dc   Data           4  os_core.o(.data)
    OSQFreeList                              0x200002e0   Data           4  os_core.o(.data)
    OSTime                                   0x200002e4   Data           4  os_core.o(.data)
    OSTmrFree                                0x200002e8   Data           2  os_core.o(.data)
    OSTmrUsed                                0x200002ea   Data           2  os_core.o(.data)
    OSTmrTime                                0x200002ec   Data           4  os_core.o(.data)
    OSTmrSem                                 0x200002f0   Data           4  os_core.o(.data)
    OSTmrSemSignal                           0x200002f4   Data           4  os_core.o(.data)
    OSTmrFreeList                            0x200002f8   Data           4  os_core.o(.data)
    OSInterrputSum                           0x200002fc   Data           4  os_cpu_c.o(.data)
    mallco_dev                               0x20000304   Data          36  malloc.o(.data)
    SPI_TASK_STK                             0x20000328   Data         512  main.o(.bss)
    LED_TASK_STK                             0x20000528   Data         256  main.o(.bss)
    DISPLAY_TASK_STK                         0x20000628   Data         512  main.o(.bss)
    START_TASK_STK                           0x20000828   Data         512  main.o(.bss)
    RX_Frame_Descriptor                      0x20000a28   Data          12  stm32f4x7_eth.o(.bss)
    USART_RX_BUF                             0x20000a34   Data         200  usart.o(.bss)
    lwipdev                                  0x20000afc   Data          23  lwip_comm.o(.bss)
    lwip_netif                               0x20000b14   Data          48  lwip_comm.o(.bss)
    tcp_server_recvbuf                       0x20000b44   Data        2000  tcp_server_demo.o(.bss)
    tcp_server_sendbuf                       0x20001314   Data        2000  tcp_server_demo.o(.bss)
    TCPSERVER_TASK_STK                       0x20001ae4   Data        1200  tcp_server_demo.o(.bss)
    OSEventTbl                               0x20002118   Data         240  os_core.o(.bss)
    OSFlagTbl                                0x20002208   Data          80  os_core.o(.bss)
    OSTaskStatStk                            0x20002258   Data         512  os_core.o(.bss)
    OSTaskIdleStk                            0x20002458   Data         512  os_core.o(.bss)
    OSTCBPrioTbl                             0x20002658   Data         256  os_core.o(.bss)
    OSTCBTbl                                 0x20002758   Data        1008  os_core.o(.bss)
    OSMemTbl                                 0x20002b48   Data         120  os_core.o(.bss)
    OSQTbl                                   0x20002bc0   Data         120  os_core.o(.bss)
    OSTmrTbl                                 0x20002c38   Data         640  os_core.o(.bss)
    OSTmrTaskStk                             0x20002eb8   Data         512  os_core.o(.bss)
    OSTmrWheelTbl                            0x200030b8   Data          64  os_core.o(.bss)
    mem1base                                 0x200030f8   Data       102400  malloc.o(.bss)
    mem1mapbase                              0x2001c0f8   Data        6400  malloc.o(.bss)
    __libspace_start                         0x2001d9f8   Data          96  libspace.o(.bss)
    __temporary_stack_top$libspace           0x2001da58   Data           0  libspace.o(.bss)
    mem2base                                 0x68000000   Data       204800  malloc.o(.ARM.__AT_0x68000000)
    mem2mapbase                              0x68032000   Data       12800  malloc.o(.ARM.__AT_0x68032000)



==============================================================================

Memory Map of the image

  Image Entry point : 0x08000189

  Load Region LR_IROM1 (Base: 0x08000000, Size: 0x000191ec, Max: 0x00080000, ABSOLUTE, COMPRESSED[0x00018f98])

    Execution Region ER_IROM1 (Base: 0x08000000, Size: 0x00018ec4, Max: 0x00080000, ABSOLUTE)

    Base Addr    Size         Type   Attr      Idx    E Section Name        Object

    0x08000000   0x00000188   Data   RO          427    RESET               startup_stm32f40_41xxx.o
    0x08000188   0x00000008   Code   RO         2158  * !!!main             c_w.l(__main.o)
    0x08000190   0x00000034   Code   RO         2386    !!!scatter          c_w.l(__scatter.o)
    0x080001c4   0x0000005a   Code   RO         2384    !!dczerorl2         c_w.l(__dczerorl2.o)
    0x0800021e   0x00000002   PAD
    0x08000220   0x0000001c   Code   RO         2388    !!handler_zi        c_w.l(__scatter_zi.o)
    0x0800023c   0x00000000   Code   RO         2141    .ARM.Collect$$_printf_percent$$00000000  c_w.l(_printf_percent.o)
    0x0800023c   0x00000006   Code   RO         2140    .ARM.Collect$$_printf_percent$$00000003  c_w.l(_printf_f.o)
    0x08000242   0x00000006   Code   RO         2138    .ARM.Collect$$_printf_percent$$00000009  c_w.l(_printf_d.o)
    0x08000248   0x00000006   Code   RO         2139    .ARM.Collect$$_printf_percent$$0000000A  c_w.l(_printf_u.o)
    0x0800024e   0x00000006   Code   RO         2137    .ARM.Collect$$_printf_percent$$0000000C  c_w.l(_printf_x.o)
    0x08000254   0x00000006   Code   RO         2135    .ARM.Collect$$_printf_percent$$00000013  c_w.l(_printf_c.o)
    0x0800025a   0x00000006   Code   RO         2136    .ARM.Collect$$_printf_percent$$00000014  c_w.l(_printf_s.o)
    0x08000260   0x00000004   Code   RO         2184    .ARM.Collect$$_printf_percent$$00000017  c_w.l(_printf_percent_end.o)
    0x08000264   0x00000002   Code   RO         2309    .ARM.Collect$$libinit$$00000000  c_w.l(libinit.o)
    0x08000266   0x00000004   Code   RO         2249    .ARM.Collect$$libinit$$00000001  c_w.l(libinit2.o)
    0x0800026a   0x00000000   Code   RO         2252    .ARM.Collect$$libinit$$00000004  c_w.l(libinit2.o)
    0x0800026a   0x00000000   Code   RO         2255    .ARM.Collect$$libinit$$0000000A  c_w.l(libinit2.o)
    0x0800026a   0x00000000   Code   RO         2257    .ARM.Collect$$libinit$$0000000C  c_w.l(libinit2.o)
    0x0800026a   0x00000000   Code   RO         2259    .ARM.Collect$$libinit$$0000000E  c_w.l(libinit2.o)
    0x0800026a   0x00000006   Code   RO         2260    .ARM.Collect$$libinit$$0000000F  c_w.l(libinit2.o)
    0x08000270   0x00000000   Code   RO         2262    .ARM.Collect$$libinit$$00000011  c_w.l(libinit2.o)
    0x08000270   0x0000000c   Code   RO         2263    .ARM.Collect$$libinit$$00000012  c_w.l(libinit2.o)
    0x0800027c   0x00000000   Code   RO         2264    .ARM.Collect$$libinit$$00000013  c_w.l(libinit2.o)
    0x0800027c   0x00000000   Code   RO         2266    .ARM.Collect$$libinit$$00000015  c_w.l(libinit2.o)
    0x0800027c   0x0000000a   Code   RO         2267    .ARM.Collect$$libinit$$00000016  c_w.l(libinit2.o)
    0x08000286   0x00000000   Code   RO         2268    .ARM.Collect$$libinit$$00000017  c_w.l(libinit2.o)
    0x08000286   0x00000000   Code   RO         2270    .ARM.Collect$$libinit$$00000019  c_w.l(libinit2.o)
    0x08000286   0x00000000   Code   RO         2272    .ARM.Collect$$libinit$$0000001B  c_w.l(libinit2.o)
    0x08000286   0x00000000   Code   RO         2274    .ARM.Collect$$libinit$$0000001D  c_w.l(libinit2.o)
    0x08000286   0x00000000   Code   RO         2276    .ARM.Collect$$libinit$$0000001F  c_w.l(libinit2.o)
    0x08000286   0x00000000   Code   RO         2278    .ARM.Collect$$libinit$$00000021  c_w.l(libinit2.o)
    0x08000286   0x00000000   Code   RO         2280    .ARM.Collect$$libinit$$00000023  c_w.l(libinit2.o)
    0x08000286   0x00000000   Code   RO         2282    .ARM.Collect$$libinit$$00000025  c_w.l(libinit2.o)
    0x08000286   0x00000000   Code   RO         2286    .ARM.Collect$$libinit$$0000002C  c_w.l(libinit2.o)
    0x08000286   0x00000000   Code   RO         2288    .ARM.Collect$$libinit$$0000002E  c_w.l(libinit2.o)
    0x08000286   0x00000000   Code   RO         2290    .ARM.Collect$$libinit$$00000030  c_w.l(libinit2.o)
    0x08000286   0x00000000   Code   RO         2292    .ARM.Collect$$libinit$$00000032  c_w.l(libinit2.o)
    0x08000286   0x00000002   Code   RO         2293    .ARM.Collect$$libinit$$00000033  c_w.l(libinit2.o)
    0x08000288   0x00000002   Code   RO         2342    .ARM.Collect$$libshutdown$$00000000  c_w.l(libshutdown.o)
    0x0800028a   0x00000000   Code   RO         2349    .ARM.Collect$$libshutdown$$00000003  c_w.l(libshutdown2.o)
    0x0800028a   0x00000000   Code   RO         2352    .ARM.Collect$$libshutdown$$00000006  c_w.l(libshutdown2.o)
    0x0800028a   0x00000000   Code   RO         2355    .ARM.Collect$$libshutdown$$00000009  c_w.l(libshutdown2.o)
    0x0800028a   0x00000000   Code   RO         2357    .ARM.Collect$$libshutdown$$0000000B  c_w.l(libshutdown2.o)
    0x0800028a   0x00000000   Code   RO         2360    .ARM.Collect$$libshutdown$$0000000E  c_w.l(libshutdown2.o)
    0x0800028a   0x00000002   Code   RO         2361    .ARM.Collect$$libshutdown$$0000000F  c_w.l(libshutdown2.o)
    0x0800028c   0x00000000   Code   RO         2166    .ARM.Collect$$rtentry$$00000000  c_w.l(__rtentry.o)
    0x0800028c   0x00000000   Code   RO         2197    .ARM.Collect$$rtentry$$00000002  c_w.l(__rtentry2.o)
    0x0800028c   0x00000006   Code   RO         2209    .ARM.Collect$$rtentry$$00000004  c_w.l(__rtentry4.o)
    0x08000292   0x00000000   Code   RO         2199    .ARM.Collect$$rtentry$$00000009  c_w.l(__rtentry2.o)
    0x08000292   0x00000004   Code   RO         2200    .ARM.Collect$$rtentry$$0000000A  c_w.l(__rtentry2.o)
    0x08000296   0x00000000   Code   RO         2202    .ARM.Collect$$rtentry$$0000000C  c_w.l(__rtentry2.o)
    0x08000296   0x00000008   Code   RO         2203    .ARM.Collect$$rtentry$$0000000D  c_w.l(__rtentry2.o)
    0x0800029e   0x00000002   Code   RO         2312    .ARM.Collect$$rtexit$$00000000  c_w.l(rtexit.o)
    0x080002a0   0x00000000   Code   RO         2321    .ARM.Collect$$rtexit$$00000002  c_w.l(rtexit2.o)
    0x080002a0   0x00000004   Code   RO         2322    .ARM.Collect$$rtexit$$00000003  c_w.l(rtexit2.o)
    0x080002a4   0x00000006   Code   RO         2323    .ARM.Collect$$rtexit$$00000004  c_w.l(rtexit2.o)
    0x080002aa   0x00000002   PAD
    0x080002ac   0x00000468   Code   RO            3    .text               main.o
    0x08000714   0x00000014   Code   RO          223    .text               stm32f4xx_it.o
    0x08000728   0x00000210   Code   RO          272    .text               system_stm32f4xx.o
    0x08000938   0x00000380   Code   RO          296    .text               decode.o
    0x08000cb8   0x00000084   Code   RO          320    .text               led.o
    0x08000d3c   0x00000070   Code   RO          340    .text               timer.o
    0x08000dac   0x00000390   Code   RO          360    .text               lan8720.o
    0x0800113c   0x000002a4   Code   RO          387    .text               sram.o
    0x080013e0   0x0000012c   Code   RO          407    .text               spi.o
    0x0800150c   0x00000040   Code   RO          428    .text               startup_stm32f40_41xxx.o
    0x0800154c   0x000000e0   Code   RO          434    .text               misc.o
    0x0800162c   0x00000294   Code   RO          454    .text               stm32f4xx_gpio.o
    0x080018c0   0x0000065c   Code   RO          474    .text               stm32f4xx_rcc.o
    0x08001f1c   0x00000094   Code   RO          496    .text               stm32f4xx_syscfg.o
    0x08001fb0   0x00000ca2   Code   RO          516    .text               stm32f4xx_tim.o
    0x08002c52   0x00000002   PAD
    0x08002c54   0x00000454   Code   RO          536    .text               stm32f4xx_usart.o
    0x080030a8   0x00000e40   Code   RO          556    .text               stm32f4x7_eth.o
    0x08003ee8   0x000005c8   Code   RO          603    .text               stm32f4xx_fsmc.o
    0x080044b0   0x00000480   Code   RO          626    .text               stm32f4xx_spi.o
    0x08004930   0x00000128   Code   RO          646    .text               delay.o
    0x08004a58   0x00000158   Code   RO          686    .text               usart.o
    0x08004bb0   0x00000c3c   Code   RO          717    .text               usmart.o
    0x080057ec   0x00000528   Code   RO          762    .text               usmart_str.o
    0x08005d14   0x00000304   Code   RO          782    .text               lwip_comm.o
    0x08006018   0x00000258   Code   RO          903    .text               tcp_server_demo.o
    0x08006270   0x00000e7c   Code   RO          944    .text               etharp.o
    0x080070ec   0x00000228   Code   RO          988    .text               ethernetif.o
    0x08007314   0x00000424   Code   RO         1040    .text               icmp.o
    0x08007738   0x000002b4   Code   RO         1094    .text               inet_chksum.o
    0x080079ec   0x00000400   Code   RO         1114    .text               ip.o
    0x08007dec   0x0000032c   Code   RO         1156    .text               ip_addr.o
    0x08008118   0x00000a28   Code   RO         1190    .text               ip_frag.o
    0x08008b40   0x0000003e   Code   RO         1212    .text               def.o
    0x08008b7e   0x00000024   Code   RO         1260    .text               init.o
    0x08008ba2   0x00000002   PAD
    0x08008ba4   0x000001d4   Code   RO         1298    .text               memp.o
    0x08008d78   0x00000334   Code   RO         1339    .text               netif.o
    0x080090ac   0x000010a0   Code   RO         1369    .text               pbuf.o
    0x0800a14c   0x0000024c   Code   RO         1389    .text               raw.o
    0x0800a398   0x0000148c   Code   RO         1425    .text               tcp.o
    0x0800b824   0x00001878   Code   RO         1457    .text               tcp_in.o
    0x0800d09c   0x00001346   Code   RO         1488    .text               tcp_out.o
    0x0800e3e2   0x00000002   PAD
    0x0800e3e4   0x000002dc   Code   RO         1509    .text               timers.o
    0x0800e6c0   0x000005b4   Code   RO         1531    .text               udp.o
    0x0800ec74   0x00000744   Code   RO         1557    .text               mem.o
    0x0800f3b8   0x000003d4   Code   RO         1580    .text               sys_arch.o
    0x0800f78c   0x00000bfc   Code   RO         1613    .text               api_lib.o
    0x08010388   0x000017c0   Code   RO         1652    .text               api_msg.o
    0x08011b48   0x000003b0   Code   RO         1695    .text               netbuf.o
    0x08011ef8   0x00001c58   Code   RO         1746    .text               sockets.o
    0x08013b50   0x000003b8   Code   RO         1770    .text               tcpip.o
    0x08013f08   0x00000970   Code   RO         1801    .text               os_core.o
    0x08014878   0x0000080c   Code   RO         1829    .text               os_flag.o
    0x08015084   0x000001e4   Code   RO         1869    .text               os_mem.o
    0x08015268   0x000005f8   Code   RO         1909    .text               os_q.o
    0x08015860   0x000003dc   Code   RO         1929    .text               os_sem.o
    0x08015c3c   0x000007c4   Code   RO         1949    .text               os_task.o
    0x08016400   0x000001b0   Code   RO         1969    .text               os_time.o
    0x080165b0   0x00000670   Code   RO         1989    .text               os_tmr.o
    0x08016c20   0x000001e8   Code   RO         2009    .text               os_cpu_c.o
    0x08016e08   0x000000c8   Code   RO         2037    .text               os_cpu_a.o
    0x08016ed0   0x00000234   Code   RO         2042    .text               malloc.o
    0x08017104   0x00000002   Code   RO         2074    .text               c_w.l(use_no_semi_2.o)
    0x08017106   0x00000002   PAD
    0x08017108   0x00000010   Code   RO         2076    .text               c_w.l(rt_ctype_table.o)
    0x08017118   0x00000018   Code   RO         2078    .text               c_w.l(__2printf.o)
    0x08017130   0x0000002c   Code   RO         2080    .text               c_w.l(__2sprintf.o)
    0x0801715c   0x0000004e   Code   RO         2088    .text               c_w.l(_printf_pad.o)
    0x080171aa   0x00000052   Code   RO         2090    .text               c_w.l(_printf_str.o)
    0x080171fc   0x00000078   Code   RO         2092    .text               c_w.l(_printf_dec.o)
    0x08017274   0x00000058   Code   RO         2097    .text               c_w.l(_printf_hex_int.o)
    0x080172cc   0x00000188   Code   RO         2132    .text               c_w.l(__printf_flags_ss_wp.o)
    0x08017454   0x00000058   Code   RO         2142    .text               c_w.l(memcmp.o)
    0x080174ac   0x0000003e   Code   RO         2144    .text               c_w.l(strlen.o)
    0x080174ea   0x0000008a   Code   RO         2146    .text               c_w.l(rt_memcpy_v6.o)
    0x08017574   0x00000064   Code   RO         2148    .text               c_w.l(rt_memcpy_w.o)
    0x080175d8   0x00000044   Code   RO         2150    .text               c_w.l(rt_memclr.o)
    0x0801761c   0x0000004e   Code   RO         2152    .text               c_w.l(rt_memclr_w.o)
    0x0801766a   0x00000002   PAD
    0x0801766c   0x00000080   Code   RO         2154    .text               c_w.l(strcmpv7m.o)
    0x080176ec   0x00000006   Code   RO         2156    .text               c_w.l(heapauxi.o)
    0x080176f2   0x00000002   Code   RO         2164    .text               c_w.l(use_no_semi.o)
    0x080176f4   0x00000008   Code   RO         2170    .text               c_w.l(rt_locale_intlibspace.o)
    0x080176fc   0x000000b2   Code   RO         2172    .text               c_w.l(_printf_intcommon.o)
    0x080177ae   0x0000041a   Code   RO         2174    .text               c_w.l(_printf_fp_dec.o)
    0x08017bc8   0x00000030   Code   RO         2176    .text               c_w.l(_printf_char_common.o)
    0x08017bf8   0x0000000a   Code   RO         2178    .text               c_w.l(_sputc.o)
    0x08017c02   0x0000002c   Code   RO         2180    .text               c_w.l(_printf_char.o)
    0x08017c2e   0x00000002   PAD
    0x08017c30   0x00000024   Code   RO         2182    .text               c_w.l(_printf_char_file.o)
    0x08017c54   0x00000008   Code   RO         2193    .text               c_w.l(libspace.o)
    0x08017c5c   0x0000008a   Code   RO         2211    .text               c_w.l(lludiv10.o)
    0x08017ce6   0x00000002   PAD
    0x08017ce8   0x00000080   Code   RO         2213    .text               c_w.l(_printf_fp_infnan.o)
    0x08017d68   0x000000dc   Code   RO         2217    .text               c_w.l(bigflt0.o)
    0x08017e44   0x00000008   Code   RO         2242    .text               c_w.l(ferror.o)
    0x08017e4c   0x0000004a   Code   RO         2298    .text               c_w.l(sys_stackheap_outer.o)
    0x08017e96   0x0000000c   Code   RO         2300    .text               c_w.l(exit.o)
    0x08017ea2   0x0000003e   Code   RO         2220    CL$$btod_d2e        c_w.l(btod.o)
    0x08017ee0   0x00000046   Code   RO         2222    CL$$btod_d2e_denorm_low  c_w.l(btod.o)
    0x08017f26   0x00000060   Code   RO         2221    CL$$btod_d2e_norm_op1  c_w.l(btod.o)
    0x08017f86   0x00000338   Code   RO         2230    CL$$btod_div_common  c_w.l(btod.o)
    0x080182be   0x000000c6   Code   RO         2227    CL$$btod_e2e        c_w.l(btod.o)
    0x08018384   0x00000028   Code   RO         2224    CL$$btod_ediv       c_w.l(btod.o)
    0x080183ac   0x00000028   Code   RO         2223    CL$$btod_emul       c_w.l(btod.o)
    0x080183d4   0x00000244   Code   RO         2229    CL$$btod_mult_common  c_w.l(btod.o)
    0x08018618   0x00000030   Code   RO         2296    i.__ARM_fpclassify  m_wm.l(fpclassify.o)
    0x08018648   0x0000000e   Code   RO         2125    i._is_digit         c_w.l(__printf_wp.o)
    0x08018656   0x00000002   PAD
    0x08018658   0x0000002c   Code   RO         2186    locale$$code        c_w.l(lc_ctype_c.o)
    0x08018684   0x0000002c   Code   RO         2247    locale$$code        c_w.l(lc_numeric_c.o)
    0x080186b0   0x0000000c   Code   RO         2188    x$fpl$dretinf       fz_wm.l(dretinf.o)
    0x080186bc   0x00000056   Code   RO         2160    x$fpl$f2d           fz_wm.l(f2d.o)
    0x08018712   0x0000008c   Code   RO         2190    x$fpl$fnaninf       fz_wm.l(fnaninf.o)
    0x0801879e   0x0000000a   Code   RO         2310    x$fpl$fpinit        fz_wm.l(fpinit.o)
    0x080187a8   0x00000004   Code   RO         2162    x$fpl$printf1       fz_wm.l(printf1.o)
    0x080187ac   0x00000000   Code   RO         2192    x$fpl$usenofp       fz_wm.l(usenofp.o)
    0x080187ac   0x0000001c   Data   RO          604    .constdata          stm32f4xx_fsmc.o
    0x080187c8   0x0000000c   Data   RO          946    .constdata          etharp.o
    0x080187d4   0x00000008   Data   RO         1158    .constdata          ip_addr.o
    0x080187dc   0x00000038   Data   RO         1300    .constdata          memp.o
    0x08018814   0x00000050   Data   RO         1426    .constdata          tcp.o
    0x08018864   0x00000004   Data   RO         1581    .constdata          sys_arch.o
    0x08018868   0x00000040   Data   RO         1748    .constdata          sockets.o
    0x080188a8   0x00000100   Data   RO         1803    .constdata          os_core.o
    0x080189a8   0x00000024   Data   RO         2048    .constdata          malloc.o
    0x080189cc   0x00000028   Data   RO         2098    .constdata          c_w.l(_printf_hex_int.o)
    0x080189f4   0x00000011   Data   RO         2133    .constdata          c_w.l(__printf_flags_ss_wp.o)
    0x08018a05   0x00000003   PAD
    0x08018a08   0x00000094   Data   RO         2218    .constdata          c_w.l(bigflt0.o)
    0x08018a9c   0x00000028   Data   RO          718    .conststring        usmart.o
    0x08018ac4   0x00000107   Data   RO          741    .conststring        usmart_config.o
    0x08018bcb   0x00000001   PAD
    0x08018bcc   0x00000044   Data   RO          947    .conststring        etharp.o
    0x08018c10   0x000000a0   Data   RO         1301    .conststring        memp.o
    0x08018cb0   0x0000006d   Data   RO         1427    .conststring        tcp.o
    0x08018d1d   0x00000003   PAD
    0x08018d20   0x00000055   Data   RO         1489    .conststring        tcp_out.o
    0x08018d75   0x00000003   PAD
    0x08018d78   0x00000020   Data   RO         2382    Region$$Table       anon$$obj.o
    0x08018d98   0x00000110   Data   RO         2185    locale$$data        c_w.l(lc_ctype_c.o)
    0x08018ea8   0x0000001c   Data   RO         2246    locale$$data        c_w.l(lc_numeric_c.o)


    Execution Region RW_IRAM1 (Base: 0x20000000, Size: 0x0001e058, Max: 0x00020000, ABSOLUTE, COMPRESSED[0x000000d4])

    Base Addr    Size         Type   Attr      Idx    E Section Name        Object

    0x20000000   0x00000004   Data   RW            5    .data               main.o
    0x20000004   0x00000014   Data   RW          273    .data               system_stm32f4xx.o
    0x20000018   0x0000000f   Data   RW          297    .data               decode.o
    0x20000027   0x00000001   PAD
    0x20000028   0x00000010   Data   RW          361    .data               lan8720.o
    0x20000038   0x00000010   Data   RW          475    .data               stm32f4xx_rcc.o
    0x20000048   0x00000010   Data   RW          558    .data               stm32f4x7_eth.o
    0x20000058   0x00000004   Data   RW          647    .data               delay.o
    0x2000005c   0x00000006   Data   RW          688    .data               usart.o
    0x20000062   0x00000002   PAD
    0x20000064   0x0000001c   Data   RW          719    .data               usmart.o
    0x20000080   0x00000124   Data   RW          742    .data               usmart_config.o
    0x200001a4   0x00000008   Data   RW          784    .data               lwip_comm.o
    0x200001ac   0x0000000a   Data   RW          905    .data               tcp_server_demo.o
    0x200001b6   0x00000001   Data   RW          948    .data               etharp.o
    0x200001b7   0x00000001   PAD
    0x200001b8   0x00000012   Data   RW         1115    .data               ip.o
    0x200001ca   0x00000002   PAD
    0x200001cc   0x00000006   Data   RW         1191    .data               ip_frag.o
    0x200001d2   0x00000002   PAD
    0x200001d4   0x0000003c   Data   RW         1302    .data               memp.o
    0x20000210   0x00000009   Data   RW         1340    .data               netif.o
    0x20000219   0x00000003   PAD
    0x2000021c   0x00000004   Data   RW         1390    .data               raw.o
    0x20000220   0x00000024   Data   RW         1428    .data               tcp.o
    0x20000244   0x00000020   Data   RW         1459    .data               tcp_in.o
    0x20000264   0x00000008   Data   RW         1510    .data               timers.o
    0x2000026c   0x00000008   Data   RW         1532    .data               udp.o
    0x20000274   0x00000014   Data   RW         1558    .data               mem.o
    0x20000288   0x00000008   Data   RW         1749    .data               sockets.o
    0x20000290   0x0000000c   Data   RW         1771    .data               tcpip.o
    0x2000029c   0x00000060   Data   RW         1804    .data               os_core.o
    0x200002fc   0x00000006   Data   RW         2010    .data               os_cpu_c.o
    0x20000302   0x00000002   PAD
    0x20000304   0x00000024   Data   RW         2049    .data               malloc.o
    0x20000328   0x00000700   Zero   RW            4    .bss                main.o
    0x20000a28   0x0000000c   Zero   RW          557    .bss                stm32f4x7_eth.o
    0x20000a34   0x000000c8   Zero   RW          687    .bss                usart.o
    0x20000afc   0x00000048   Zero   RW          783    .bss                lwip_comm.o
    0x20000b44   0x00001450   Zero   RW          904    .bss                tcp_server_demo.o
    0x20001f94   0x000000c8   Zero   RW          945    .bss                etharp.o
    0x2000205c   0x00000010   Zero   RW         1157    .bss                ip_addr.o
    0x2000206c   0x00000038   Zero   RW         1299    .bss                memp.o
    0x200020a4   0x00000014   Zero   RW         1458    .bss                tcp_in.o
    0x200020b8   0x00000060   Zero   RW         1747    .bss                sockets.o
    0x20002118   0x00000fe0   Zero   RW         1802    .bss                os_core.o
    0x200030f8   0x0001a900   Zero   RW         2047    .bss                malloc.o
    0x2001d9f8   0x00000060   Zero   RW         2194    .bss                c_w.l(libspace.o)
    0x2001da58   0x00000200   Zero   RW          426    HEAP                startup_stm32f40_41xxx.o
    0x2001dc58   0x00000400   Zero   RW          425    STACK               startup_stm32f40_41xxx.o



  Load Region LR$$.ARM.__AT_0x10000000 (Base: 0x10000000, Size: 0x00000000, Max: 0x0000f000, ABSOLUTE)

    Execution Region ER$$.ARM.__AT_0x10000000 (Base: 0x10000000, Size: 0x0000f000, Max: 0x0000f000, ABSOLUTE, UNINIT)

    Base Addr    Size         Type   Attr      Idx    E Section Name        Object

    0x10000000   0x0000f000   Zero   RW         2043    .ARM.__AT_0x10000000  malloc.o



  Load Region LR$$.ARM.__AT_0x1000F000 (Base: 0x1000f000, Size: 0x00000000, Max: 0x00000f00, ABSOLUTE)

    Execution Region ER$$.ARM.__AT_0x1000F000 (Base: 0x1000f000, Size: 0x00000f00, Max: 0x00000f00, ABSOLUTE, UNINIT)

    Base Addr    Size         Type   Attr      Idx    E Section Name        Object

    0x1000f000   0x00000f00   Zero   RW         2044    .ARM.__AT_0x1000F000  malloc.o



  Load Region LR$$.ARM.__AT_0x68000000 (Base: 0x68000000, Size: 0x00000000, Max: 0x00032000, ABSOLUTE)

    Execution Region ER$$.ARM.__AT_0x68000000 (Base: 0x68000000, Size: 0x00032000, Max: 0x00032000, ABSOLUTE, UNINIT)

    Base Addr    Size         Type   Attr      Idx    E Section Name        Object

    0x68000000   0x00032000   Zero   RW         2045    .ARM.__AT_0x68000000  malloc.o



  Load Region LR$$.ARM.__AT_0x68032000 (Base: 0x68032000, Size: 0x00000000, Max: 0x00003200, ABSOLUTE)

    Execution Region ER$$.ARM.__AT_0x68032000 (Base: 0x68032000, Size: 0x00003200, Max: 0x00003200, ABSOLUTE, UNINIT)

    Base Addr    Size         Type   Attr      Idx    E Section Name        Object

    0x68032000   0x00003200   Zero   RW         2046    .ARM.__AT_0x68032000  malloc.o


==============================================================================

Image component sizes


      Code (inc. data)   RO Data    RW Data    ZI Data      Debug   Object Name

      3068        818          0          0          0      17537   api_lib.o
      6080       1222          0          0          0      10191   api_msg.o
       896        492          0         15          0       1350   decode.o
        62          0          0          0          0       1226   def.o
       296         16          0          4          0       1789   delay.o
      3708        604         80          1        200      10503   etharp.o
       552        134          0          0          0       4726   ethernetif.o
      1060        372          0          0          0       2650   icmp.o
         0          0          0          0          0       1856   inet.o
       692        104          0          0          0       2993   inet_chksum.o
        36          0          0          0          0       4572   init.o
      1024        174          0         18          0       6883   ip.o
       812        112          8          0         16      10603   ip_addr.o
      2600        486          0          6          0       6684   ip_frag.o
       912         56          0         16          0       3713   lan8720.o
       132         10          0          0          0        831   led.o
       772        236          0          8         72      29007   lwip_comm.o
      1128        356          0          4       1792     347895   main.o
       564         18         36         36     391680       4823   malloc.o
      1860        568          0         20          0       4114   mem.o
       468        196        216         60         56       3116   memp.o
       224         20          0          0          0       1949   misc.o
       944        340          0          0          0       3001   netbuf.o
       820        126          0          9          0       6345   netif.o
      2416        248        256         96       4064      17000   os_core.o
       200         32          0          0          0        324   os_cpu_a.o
       488          8          0          6          0      12178   os_cpu_c.o
      2060         42          0          0          0       6896   os_flag.o
       484         16          0          0          0       3120   os_mem.o
      1528         34          0          0          0       5537   os_q.o
       988         64          0          0          0       3902   os_sem.o
      1988         70          0          0          0       7553   os_task.o
       432         30          0          0          0       1802   os_time.o
      1648        134          0          0          0       5517   os_tmr.o
      4256       1236          0          0          0       9253   pbuf.o
       588        134          0          4          0       3357   raw.o
      7256        666         64          8         96      17494   sockets.o
       300         10          0          0          0       1133   spi.o
       676         18          0          0          0       2229   sram.o
        64         26        392          0       1536        832   startup_stm32f40_41xxx.o
      3648         96          0         16         12      19718   stm32f4x7_eth.o
      1480         18         28          0          0       5766   stm32f4xx_fsmc.o
       660         44          0          0          0       4225   stm32f4xx_gpio.o
        20          0          0          0          0        943   stm32f4xx_it.o
      1628         52          0         16          0      13032   stm32f4xx_rcc.o
      1152         36          0          0          0       6977   stm32f4xx_spi.o
       148         12          0          0          0       1897   stm32f4xx_syscfg.o
      3234         60          0          0          0      22428   stm32f4xx_tim.o
      1108         34          0          0          0       7928   stm32f4xx_usart.o
       980        166          4          0          0       6318   sys_arch.o
       528         46          0         20          0       1771   system_stm32f4xx.o
      5260       1092        189         36          0      21667   tcp.o
      6264        964          0         32         20      15075   tcp_in.o
      4934        954         85          0          0       9695   tcp_out.o
       600        142          0         10       5200      10101   tcp_server_demo.o
       952        194          0         12          0       9844   tcpip.o
       112          4          0          0          0        792   timer.o
       732        178          0          8          0       3239   timers.o
      1460        204          0          8          0       6946   udp.o
       344         16          0          6        200       3290   usart.o
      3132       1290         40         28          0       4270   usmart.o
         0          0        263        292          0       1572   usmart_config.o
      1320         12          0          0          0       5161   usmart_str.o

    ----------------------------------------------------------------------
     93784      14842       1700        808     404944     769139   Object Totals
         0          0         32          0          0          0   (incl. Generated)
         6          0          7         13          0          0   (incl. Padding)

    ----------------------------------------------------------------------

      Code (inc. data)   RO Data    RW Data    ZI Data      Debug   Library Member Name

        24          4          0          0          0         84   __2printf.o
        44          6          0          0          0         84   __2sprintf.o
        90          0          0          0          0          0   __dczerorl2.o
         8          0          0          0          0         68   __main.o
       392          4         17          0          0         92   __printf_flags_ss_wp.o
        14          0          0          0          0         68   __printf_wp.o
         0          0          0          0          0          0   __rtentry.o
        12          0          0          0          0          0   __rtentry2.o
         6          0          0          0          0          0   __rtentry4.o
        52          8          0          0          0          0   __scatter.o
        28          0          0          0          0          0   __scatter_zi.o
         6          0          0          0          0          0   _printf_c.o
        44          0          0          0          0        108   _printf_char.o
        48          6          0          0          0         96   _printf_char_common.o
        36          4          0          0          0         80   _printf_char_file.o
         6          0          0          0          0          0   _printf_d.o
       120         16          0          0          0         92   _printf_dec.o
         6          0          0          0          0          0   _printf_f.o
      1050          0          0          0          0        216   _printf_fp_dec.o
       128         16          0          0          0         84   _printf_fp_infnan.o
        88          4         40          0          0         88   _printf_hex_int.o
       178          0          0          0          0         88   _printf_intcommon.o
        78          0          0          0          0        108   _printf_pad.o
         0          0          0          0          0          0   _printf_percent.o
         4          0          0          0          0          0   _printf_percent_end.o
         6          0          0          0          0          0   _printf_s.o
        82          0          0          0          0         80   _printf_str.o
         6          0          0          0          0          0   _printf_u.o
         6          0          0          0          0          0   _printf_x.o
        10          0          0          0          0         68   _sputc.o
       220          4        148          0          0         96   bigflt0.o
      1910        128          0          0          0        672   btod.o
        12          0          0          0          0         72   exit.o
         8          0          0          0          0         68   ferror.o
         6          0          0          0          0        152   heapauxi.o
        44         10        272          0          0         76   lc_ctype_c.o
        44         10         28          0          0         76   lc_numeric_c.o
         2          0          0          0          0          0   libinit.o
        34          0          0          0          0          0   libinit2.o
         2          0          0          0          0          0   libshutdown.o
         2          0          0          0          0          0   libshutdown2.o
         8          4          0          0         96         68   libspace.o
       138          0          0          0          0         80   lludiv10.o
        88          0          0          0          0         76   memcmp.o
        16          4          0          0          0         76   rt_ctype_table.o
         8          4          0          0          0         68   rt_locale_intlibspace.o
        68          0          0          0          0         68   rt_memclr.o
        78          0          0          0          0         80   rt_memclr_w.o
       138          0          0          0          0         68   rt_memcpy_v6.o
       100          0          0          0          0         80   rt_memcpy_w.o
         2          0          0          0          0          0   rtexit.o
        10          0          0          0          0          0   rtexit2.o
       128          0          0          0          0         68   strcmpv7m.o
        62          0          0          0          0         76   strlen.o
        74          0          0          0          0         80   sys_stackheap_outer.o
         2          0          0          0          0         68   use_no_semi.o
         2          0          0          0          0         68   use_no_semi_2.o
        12          0          0          0          0        116   dretinf.o
        86          4          0          0          0        132   f2d.o
       140          4          0          0          0        132   fnaninf.o
        10          0          0          0          0        116   fpinit.o
         4          0          0          0          0        116   printf1.o
         0          0          0          0          0          0   usenofp.o
        48          0          0          0          0        124   fpclassify.o

    ----------------------------------------------------------------------
      6092        240        508          0         96       4476   Library Totals
        14          0          3          0          0          0   (incl. Padding)

    ----------------------------------------------------------------------

      Code (inc. data)   RO Data    RW Data    ZI Data      Debug   Library Name

      5778        232        505          0         96       3740   c_w.l
       252          8          0          0          0        612   fz_wm.l
        48          0          0          0          0        124   m_wm.l

    ----------------------------------------------------------------------
      6092        240        508          0         96       4476   Library Totals

    ----------------------------------------------------------------------

==============================================================================


      Code (inc. data)   RO Data    RW Data    ZI Data      Debug   

     99876      15082       2208        808     405040     758783   Grand Totals
     99876      15082       2208        212     405040     758783   ELF Image Totals (compressed)
     99876      15082       2208        212          0          0   ROM Totals

==============================================================================

    Total RO  Size (Code + RO Data)               102084 (  99.69kB)
    Total RW  Size (RW Data + ZI Data)            405848 ( 396.34kB)
    Total ROM Size (Code + RO Data + RW Data)     102296 (  99.90kB)

==============================================================================

